interactions:
- request:
    body: null
    headers:
      Accept:
      - '*/*'
      Accept-Encoding:
      - gzip, deflate
      Connection:
      - keep-alive
      User-Agent:
      - rotki/1.31.4.dev276+g394cf66c8.d20240201
    method: GET
    uri: https://beaconcha.in/api/v1/validator/1118010
  response:
    body:
      string: '{"status":"OK","data":{"activationeligibilityepoch":255395,"activationepoch":255424,"balance":32006087826,"effectivebalance":32000000000,"exitepoch":9223372036854775807,"lastattestationslot":8403299,"name":"","pubkey":"0xb324c5869db5a524f9c3e2f3b82a786e7baa6ea150dc8f5c86a5342e6a7a5b4719ee1749c2f79e9e49d18a00f006118b","slashed":false,"status":"active_online","validatorindex":1118010,"withdrawableepoch":9223372036854775807,"withdrawalcredentials":"0x01000000000000000000000024a81dc9767348800852ef3625376e9238abfa42","total_withdrawals":56585156}}

        '
    headers:
      Accept-Ranges:
      - bytes
      CF-Cache-Status:
      - EXPIRED
      CF-RAY:
      - 853d80238cacca99-HAM
      Cache-Control:
      - max-age=12
      Connection:
      - keep-alive
      Content-Type:
      - application/json
      Date:
      - Sun, 11 Feb 2024 15:07:16 GMT
      Last-Modified:
      - Sun, 11 Feb 2024 15:05:36 GMT
      Permissions-Policy:
      - interest-cohort=()
      RateLimit-Limit:
      - '5'
      RateLimit-Remaining:
      - '4'
      RateLimit-Reset:
      - '1'
      Referrer-Policy:
      - strict-origin-when-cross-origin
      Server:
      - cloudflare
      Strict-Transport-Security:
      - max-age=7257600
      Via:
      - 1.1 google, 1.1 google
      WWW-Authenticate:
      - Key realm="kong"
      X-Content-Type-Options:
      - nosniff
      X-Frame-Options:
      - DENY
      X-RateLimit-Limit-Day:
      - '30000'
      X-RateLimit-Limit-Hour:
      - '10000'
      X-RateLimit-Limit-Minute:
      - '20'
      X-RateLimit-Limit-Month:
      - '120000'
      X-RateLimit-Limit-Second:
      - '5'
      X-RateLimit-Remaining-Day:
      - '29949'
      X-RateLimit-Remaining-Hour:
      - '9990'
      X-RateLimit-Remaining-Minute:
      - '19'
      X-RateLimit-Remaining-Month:
      - '119949'
      X-RateLimit-Remaining-Second:
      - '4'
      X-XSS-Protection:
      - 1; mode=block
      access-control-allow-headers:
      - '*, Authorization'
      access-control-allow-methods:
      - '*'
      access-control-allow-origin:
      - '*'
      alt-svc:
      - h3=":443"; ma=86400
      content-length:
      - '549'
      vary:
      - Cookie,Accept-Encoding
    status:
      code: 200
      message: OK
- request:
    body: null
    headers:
      Accept:
      - '*/*'
      Accept-Encoding:
      - gzip, deflate
      Connection:
      - keep-alive
      User-Agent:
      - rotki/1.31.4.dev276+g394cf66c8.d20240201
    method: GET
    uri: https://beaconcha.in/api/v1/validator/1118011
  response:
    body:
      string: '{"status":"OK","data":{"activationeligibilityepoch":255395,"activationepoch":255424,"balance":32006108749,"effectivebalance":32000000000,"exitepoch":9223372036854775807,"lastattestationslot":8403301,"name":"","pubkey":"0x874df4549e48da22326e3f5c59a2e4e2096861236c8fd9314068f9e142812c216d440ed022371cdc5c3fcc2afac11693","slashed":false,"status":"active_online","validatorindex":1118011,"withdrawableepoch":9223372036854775807,"withdrawalcredentials":"0x010000000000000000000000fad07927c990a52e434909c9bb1f0ec785a68f00","total_withdrawals":56683667}}

        '
    headers:
      Accept-Ranges:
      - bytes
      CF-Cache-Status:
      - EXPIRED
      CF-RAY:
      - 853d80255d7762ef-HAM
      Cache-Control:
      - max-age=12
      Connection:
      - keep-alive
      Content-Type:
      - application/json
      Date:
      - Sun, 11 Feb 2024 15:07:16 GMT
      Last-Modified:
      - Sun, 11 Feb 2024 15:05:37 GMT
      Permissions-Policy:
      - interest-cohort=()
      RateLimit-Limit:
      - '5'
      RateLimit-Remaining:
      - '3'
      RateLimit-Reset:
      - '1'
      Referrer-Policy:
      - strict-origin-when-cross-origin
      Server:
      - cloudflare
      Strict-Transport-Security:
      - max-age=7257600
      Via:
      - 1.1 google, 1.1 google
      WWW-Authenticate:
      - Key realm="kong"
      X-Content-Type-Options:
      - nosniff
      X-Frame-Options:
      - DENY
      X-RateLimit-Limit-Day:
      - '30000'
      X-RateLimit-Limit-Hour:
      - '10000'
      X-RateLimit-Limit-Minute:
      - '20'
      X-RateLimit-Limit-Month:
      - '120000'
      X-RateLimit-Limit-Second:
      - '5'
      X-RateLimit-Remaining-Day:
      - '29948'
      X-RateLimit-Remaining-Hour:
      - '9989'
      X-RateLimit-Remaining-Minute:
      - '18'
      X-RateLimit-Remaining-Month:
      - '119948'
      X-RateLimit-Remaining-Second:
      - '3'
      X-XSS-Protection:
      - 1; mode=block
      access-control-allow-headers:
      - '*, Authorization'
      access-control-allow-methods:
      - '*'
      access-control-allow-origin:
      - '*'
      alt-svc:
      - h3=":443"; ma=86400
      content-length:
      - '549'
      vary:
      - Cookie,Accept-Encoding
    status:
      code: 200
      message: OK
- request:
    body: null
    headers:
      Accept:
      - '*/*'
      Accept-Encoding:
      - gzip, deflate
      Connection:
      - keep-alive
      User-Agent:
      - rotki/1.31.4.dev276+g394cf66c8.d20240201
    method: GET
    uri: https://beaconcha.in/api/v1/validator/564618
  response:
    body:
      string: '{"status":"OK","data":{"activationeligibilityepoch":192674,"activationepoch":192683,"balance":0,"effectivebalance":0,"exitepoch":260390,"lastattestationslot":8332476,"name":"","pubkey":"0xa5de79a98e323f28de94fec045407324bbcd19bfddfe84b1cbc64df0f7bc77886f13c5bb639b2441238d2cd9c2b501d5","slashed":false,"status":"exited","validatorindex":564618,"withdrawableepoch":260646,"withdrawalcredentials":"0x010000000000000000000000f368a42d316070cd53515fbf67ac219aa29d5fe0","total_withdrawals":32741961954}}

        '
    headers:
      Accept-Ranges:
      - bytes
      CF-Cache-Status:
      - EXPIRED
      CF-RAY:
      - 853d80270bbf62c7-HAM
      Cache-Control:
      - max-age=12
      Connection:
      - keep-alive
      Content-Type:
      - application/json
      Date:
      - Sun, 11 Feb 2024 15:07:17 GMT
      Last-Modified:
      - Sun, 11 Feb 2024 15:05:38 GMT
      Permissions-Policy:
      - interest-cohort=()
      RateLimit-Limit:
      - '5'
      RateLimit-Remaining:
      - '4'
      RateLimit-Reset:
      - '1'
      Referrer-Policy:
      - strict-origin-when-cross-origin
      Server:
      - cloudflare
      Strict-Transport-Security:
      - max-age=7257600
      Via:
      - 1.1 google, 1.1 google
      WWW-Authenticate:
      - Key realm="kong"
      X-Content-Type-Options:
      - nosniff
      X-Frame-Options:
      - DENY
      X-RateLimit-Limit-Day:
      - '30000'
      X-RateLimit-Limit-Hour:
      - '10000'
      X-RateLimit-Limit-Minute:
      - '20'
      X-RateLimit-Limit-Month:
      - '120000'
      X-RateLimit-Limit-Second:
      - '5'
      X-RateLimit-Remaining-Day:
      - '29947'
      X-RateLimit-Remaining-Hour:
      - '9988'
      X-RateLimit-Remaining-Minute:
      - '17'
      X-RateLimit-Remaining-Month:
      - '119947'
      X-RateLimit-Remaining-Second:
      - '4'
      X-XSS-Protection:
      - 1; mode=block
      access-control-allow-headers:
      - '*, Authorization'
      access-control-allow-methods:
      - '*'
      access-control-allow-origin:
      - '*'
      alt-svc:
      - h3=":443"; ma=86400
      content-length:
      - '498'
      vary:
      - Cookie,Accept-Encoding
    status:
      code: 200
      message: OK
- request:
    body: null
    headers:
      Accept:
      - '*/*'
      Accept-Encoding:
      - gzip, deflate
      Connection:
      - keep-alive
      User-Agent:
      - rotki/1.31.4.dev276+g394cf66c8.d20240201
    method: GET
    uri: https://beaconcha.in/api/v1/execution/564618,1118010,1118011/produced?limit=50&offset=0
  response:
    body:
      string: '{"status":"OK","data":[]}

        '
    headers:
      Accept-Ranges:
      - bytes
      CF-Cache-Status:
      - EXPIRED
      CF-RAY:
      - 853d802a7fa2750c-HAM
      Cache-Control:
      - max-age=12
      Connection:
      - keep-alive
      Content-Type:
      - application/json
      Date:
      - Sun, 11 Feb 2024 15:07:17 GMT
      Last-Modified:
      - Sun, 11 Feb 2024 15:05:38 GMT
      Permissions-Policy:
      - interest-cohort=()
      RateLimit-Limit:
      - '5'
      RateLimit-Remaining:
      - '3'
      RateLimit-Reset:
      - '1'
      Referrer-Policy:
      - strict-origin-when-cross-origin
      Server:
      - cloudflare
      Strict-Transport-Security:
      - max-age=7257600
      Via:
      - 1.1 google, 1.1 google
      WWW-Authenticate:
      - Key realm="kong"
      X-Content-Type-Options:
      - nosniff
      X-Frame-Options:
      - DENY
      X-RateLimit-Limit-Day:
      - '30000'
      X-RateLimit-Limit-Hour:
      - '10000'
      X-RateLimit-Limit-Minute:
      - '20'
      X-RateLimit-Limit-Month:
      - '120000'
      X-RateLimit-Limit-Second:
      - '5'
      X-RateLimit-Remaining-Day:
      - '29946'
      X-RateLimit-Remaining-Hour:
      - '9987'
      X-RateLimit-Remaining-Minute:
      - '16'
      X-RateLimit-Remaining-Month:
      - '119946'
      X-RateLimit-Remaining-Second:
      - '3'
      X-XSS-Protection:
      - 1; mode=block
      access-control-allow-headers:
      - '*, Authorization'
      access-control-allow-methods:
      - '*'
      access-control-allow-origin:
      - '*'
      alt-svc:
      - h3=":443"; ma=86400
      content-length:
      - '26'
      vary:
      - Cookie,Accept-Encoding
    status:
      code: 200
      message: OK
- request:
    body: null
    headers:
      Accept:
      - '*/*'
      Accept-Encoding:
      - gzip, deflate
      Connection:
      - keep-alive
      User-Agent:
      - rotki/1.31.4.dev276+g394cf66c8.d20240201
    method: GET
    uri: https://api.etherscan.io/api?action=getblocknobytime&closest=before&module=block&timestamp=1707663960
  response:
    body:
      string: '{"status":"1","message":"OK","result":"19205602"}'
    headers:
      Access-Control-Allow-Headers:
      - Content-Type
      Access-Control-Allow-Methods:
      - GET, POST, OPTIONS
      Access-Control-Allow-Origin:
      - '*'
      Cache-Control:
      - private
      Connection:
      - keep-alive
      Content-Type:
      - application/json; charset=utf-8
      Date:
      - Sun, 11 Feb 2024 15:07:18 GMT
      Server:
      - nginx
      Vary:
      - Accept-Encoding
      X-Frame-Options:
      - SAMEORIGIN
      content-length:
      - '49'
    status:
      code: 200
      message: OK
- request:
    body: null
    headers:
      Accept:
      - '*/*'
      Accept-Encoding:
      - gzip, deflate
      Connection:
      - keep-alive
      User-Agent:
      - rotki/1.31.4.dev276+g394cf66c8.d20240201
    method: GET
    uri: https://api.etherscan.io/api?action=txsBeaconWithdrawal&address=0x24a81Dc9767348800852EF3625376e9238AbFA42&endBlock=19205602&module=account&sort=asc&startBlock=0
  response:
    body:
      string: '{"status":"1","message":"OK","result":[{"withdrawalIndex":"31670024","validatorIndex":"1118010","address":"0x24a81dc9767348800852ef3625376e9238abfa42","amount":"10742175","blockNumber":"19014337","timestamp":"1705346507"},{"withdrawalIndex":"32553075","validatorIndex":"1118010","address":"0x24a81dc9767348800852ef3625376e9238abfa42","amount":"13216291","blockNumber":"19069527","timestamp":"1706014787"},{"withdrawalIndex":"33443274","validatorIndex":"1118010","address":"0x24a81dc9767348800852ef3625376e9238abfa42","amount":"16391013","blockNumber":"19125165","timestamp":"1706688323"},{"withdrawalIndex":"34343130","validatorIndex":"1118010","address":"0x24a81dc9767348800852ef3625376e9238abfa42","amount":"16235677","blockNumber":"19181406","timestamp":"1707370667"}]}'
    headers:
      Access-Control-Allow-Headers:
      - Content-Type
      Access-Control-Allow-Methods:
      - GET, POST, OPTIONS
      Access-Control-Allow-Origin:
      - '*'
      Cache-Control:
      - private
      Connection:
      - keep-alive
      Content-Type:
      - application/json; charset=utf-8
      Date:
      - Sun, 11 Feb 2024 15:07:19 GMT
      Server:
      - nginx
      Vary:
      - Accept-Encoding
      X-Frame-Options:
      - SAMEORIGIN
      content-length:
      - '772'
    status:
      code: 200
      message: OK
- request:
    body: null
    headers:
      Accept:
      - '*/*'
      Accept-Encoding:
      - gzip, deflate
      Connection:
      - keep-alive
      User-Agent:
      - rotki/1.31.4.dev276+g394cf66c8.d20240201
    method: GET
    uri: https://api.etherscan.io/api?action=txsBeaconWithdrawal&address=0xfAD07927C990a52e434909c9Bb1f0EC785a68F00&endBlock=19205602&module=account&sort=asc&startBlock=0
  response:
    body:
      string: '{"status":"1","message":"OK","result":[{"withdrawalIndex":"31670025","validatorIndex":"1118011","address":"0xfad07927c990a52e434909c9bb1f0ec785a68f00","amount":"10791425","blockNumber":"19014337","timestamp":"1705346507"},{"withdrawalIndex":"32553076","validatorIndex":"1118011","address":"0xfad07927c990a52e434909c9bb1f0ec785a68f00","amount":"13210211","blockNumber":"19069527","timestamp":"1706014787"},{"withdrawalIndex":"33443275","validatorIndex":"1118011","address":"0xfad07927c990a52e434909c9bb1f0ec785a68f00","amount":"16407904","blockNumber":"19125165","timestamp":"1706688323"},{"withdrawalIndex":"34343131","validatorIndex":"1118011","address":"0xfad07927c990a52e434909c9bb1f0ec785a68f00","amount":"16274127","blockNumber":"19181406","timestamp":"1707370667"}]}'
    headers:
      Access-Control-Allow-Headers:
      - Content-Type
      Access-Control-Allow-Methods:
      - GET, POST, OPTIONS
      Access-Control-Allow-Origin:
      - '*'
      Cache-Control:
      - private
      Connection:
      - keep-alive
      Content-Type:
      - application/json; charset=utf-8
      Date:
      - Sun, 11 Feb 2024 15:07:19 GMT
      Server:
      - nginx
      Vary:
      - Accept-Encoding
      X-Frame-Options:
      - SAMEORIGIN
      content-length:
      - '772'
    status:
      code: 200
      message: OK
- request:
    body: null
    headers:
      Accept:
      - '*/*'
      Accept-Encoding:
      - gzip, deflate
      Connection:
      - keep-alive
      User-Agent:
      - rotki/1.31.4.dev276+g394cf66c8.d20240201
    method: GET
    uri: https://api.etherscan.io/api?action=txsBeaconWithdrawal&address=0xF368A42D316070Cd53515fBF67Ac219aa29D5FE0&endBlock=19205602&module=account&sort=asc&startBlock=0
  response:
    body:
      string: '{"status":"1","message":"OK","result":[{"withdrawalIndex":"22433829","validatorIndex":"564618","address":"0xf368a42d316070cd53515fbf67ac219aa29d5fe0","amount":"520521839","blockNumber":"18437074","timestamp":"1698355763"},{"withdrawalIndex":"23278641","validatorIndex":"564618","address":"0xf368a42d316070cd53515fbf67ac219aa29d5fe0","amount":"16891675","blockNumber":"18489875","timestamp":"1698994427"},{"withdrawalIndex":"24133326","validatorIndex":"564618","address":"0xf368a42d316070cd53515fbf67ac219aa29d5fe0","amount":"17104157","blockNumber":"18543293","timestamp":"1699640447"},{"withdrawalIndex":"24999201","validatorIndex":"564618","address":"0xf368a42d316070cd53515fbf67ac219aa29d5fe0","amount":"17215579","blockNumber":"18597410","timestamp":"1700294459"},{"withdrawalIndex":"25864774","validatorIndex":"564618","address":"0xf368a42d316070cd53515fbf67ac219aa29d5fe0","amount":"17205723","blockNumber":"18651509","timestamp":"1700949167"},{"withdrawalIndex":"26737891","validatorIndex":"564618","address":"0xf368a42d316070cd53515fbf67ac219aa29d5fe0","amount":"17416342","blockNumber":"18706078","timestamp":"1701609083"},{"withdrawalIndex":"27617260","validatorIndex":"564618","address":"0xf368a42d316070cd53515fbf67ac219aa29d5fe0","amount":"17442812","blockNumber":"18761039","timestamp":"1702274459"},{"withdrawalIndex":"28500753","validatorIndex":"564618","address":"0xf368a42d316070cd53515fbf67ac219aa29d5fe0","amount":"17525580","blockNumber":"18816257","timestamp":"1702943447"},{"withdrawalIndex":"29383689","validatorIndex":"564618","address":"0xf368a42d316070cd53515fbf67ac219aa29d5fe0","amount":"17453559","blockNumber":"18871441","timestamp":"1703612711"},{"withdrawalIndex":"30269119","validatorIndex":"564618","address":"0xf368a42d316070cd53515fbf67ac219aa29d5fe0","amount":"17480496","blockNumber":"18926780","timestamp":"1704284315"},{"withdrawalIndex":"31162407","validatorIndex":"564618","address":"0xf368a42d316070cd53515fbf67ac219aa29d5fe0","amount":"17563235","blockNumber":"18982611","timestamp":"1704963095"},{"withdrawalIndex":"32059984","validatorIndex":"564618","address":"0xf368a42d316070cd53515fbf67ac219aa29d5fe0","amount":"17718694","blockNumber":"19038709","timestamp":"1705640783"},{"withdrawalIndex":"32952924","validatorIndex":"564618","address":"0xf368a42d316070cd53515fbf67ac219aa29d5fe0","amount":"17551055","blockNumber":"19094518","timestamp":"1706317367"},{"withdrawalIndex":"33859489","validatorIndex":"564618","address":"0xf368a42d316070cd53515fbf67ac219aa29d5fe0","amount":"32012871208","blockNumber":"19151178","timestamp":"1707003863"}]}'
    headers:
      Access-Control-Allow-Headers:
      - Content-Type
      Access-Control-Allow-Methods:
      - GET, POST, OPTIONS
      Access-Control-Allow-Origin:
      - '*'
      Cache-Control:
      - private
      Connection:
      - keep-alive
      Content-Type:
      - application/json; charset=utf-8
      Date:
      - Sun, 11 Feb 2024 15:07:20 GMT
      Server:
      - nginx
      Vary:
      - Accept-Encoding
      X-Frame-Options:
      - SAMEORIGIN
      content-length:
      - '2592'
    status:
      code: 200
      message: OK
- request:
    body: null
    headers:
      Accept:
      - '*/*'
      Accept-Encoding:
      - gzip, deflate
      Connection:
      - keep-alive
      User-Agent:
      - rotki/1.31.4.dev276+g394cf66c8.d20240201
    method: GET
    uri: https://beaconcha.in/api/v1/validator/564618,1118011,1118010
  response:
    body:
      string: '{"status":"OK","data":[{"activationeligibilityepoch":192674,"activationepoch":192683,"balance":0,"effectivebalance":0,"exitepoch":260390,"lastattestationslot":8332476,"name":"","pubkey":"0xa5de79a98e323f28de94fec045407324bbcd19bfddfe84b1cbc64df0f7bc77886f13c5bb639b2441238d2cd9c2b501d5","slashed":false,"status":"exited","validatorindex":564618,"withdrawableepoch":260646,"withdrawalcredentials":"0x010000000000000000000000f368a42d316070cd53515fbf67ac219aa29d5fe0","total_withdrawals":32741961954},{"activationeligibilityepoch":255395,"activationepoch":255424,"balance":32006087826,"effectivebalance":32000000000,"exitepoch":9223372036854775807,"lastattestationslot":8403299,"name":"","pubkey":"0xb324c5869db5a524f9c3e2f3b82a786e7baa6ea150dc8f5c86a5342e6a7a5b4719ee1749c2f79e9e49d18a00f006118b","slashed":false,"status":"active_online","validatorindex":1118010,"withdrawableepoch":9223372036854775807,"withdrawalcredentials":"0x01000000000000000000000024a81dc9767348800852ef3625376e9238abfa42","total_withdrawals":56585156},{"activationeligibilityepoch":255395,"activationepoch":255424,"balance":32006108749,"effectivebalance":32000000000,"exitepoch":9223372036854775807,"lastattestationslot":8403301,"name":"","pubkey":"0x874df4549e48da22326e3f5c59a2e4e2096861236c8fd9314068f9e142812c216d440ed022371cdc5c3fcc2afac11693","slashed":false,"status":"active_online","validatorindex":1118011,"withdrawableepoch":9223372036854775807,"withdrawalcredentials":"0x010000000000000000000000fad07927c990a52e434909c9bb1f0ec785a68f00","total_withdrawals":56683667}]}

        '
    headers:
      Accept-Ranges:
      - bytes
      CF-Cache-Status:
      - EXPIRED
      CF-RAY:
      - 853d803debca630d-HAM
      Cache-Control:
      - max-age=12
      Connection:
      - keep-alive
      Content-Type:
      - application/json
      Date:
      - Sun, 11 Feb 2024 15:07:20 GMT
      Last-Modified:
      - Sun, 11 Feb 2024 15:05:41 GMT
      Permissions-Policy:
      - interest-cohort=()
      RateLimit-Limit:
      - '5'
      RateLimit-Remaining:
      - '4'
      RateLimit-Reset:
      - '1'
      Referrer-Policy:
      - strict-origin-when-cross-origin
      Server:
      - cloudflare
      Strict-Transport-Security:
      - max-age=7257600
      Via:
      - 1.1 google, 1.1 google
      WWW-Authenticate:
      - Key realm="kong"
      X-Content-Type-Options:
      - nosniff
      X-Frame-Options:
      - DENY
      X-RateLimit-Limit-Day:
      - '30000'
      X-RateLimit-Limit-Hour:
      - '10000'
      X-RateLimit-Limit-Minute:
      - '20'
      X-RateLimit-Limit-Month:
      - '120000'
      X-RateLimit-Limit-Second:
      - '5'
      X-RateLimit-Remaining-Day:
      - '29945'
      X-RateLimit-Remaining-Hour:
      - '9986'
      X-RateLimit-Remaining-Minute:
      - '15'
      X-RateLimit-Remaining-Month:
      - '119945'
      X-RateLimit-Remaining-Second:
      - '4'
      X-XSS-Protection:
      - 1; mode=block
      access-control-allow-headers:
      - '*, Authorization'
      access-control-allow-methods:
      - '*'
      access-control-allow-origin:
      - '*'
      alt-svc:
      - h3=":443"; ma=86400
      content-length:
      - '1552'
      vary:
      - Cookie,Accept-Encoding
    status:
      code: 200
      message: OK
version: 1
