interactions:
- request:
    body: '{"jsonrpc": "2.0", "method": "web3_clientVersion", "params": [], "id":
      0}'
    headers:
      Accept:
      - '*/*'
      Accept-Encoding:
      - gzip, deflate
      Connection:
      - keep-alive
      Content-Length:
      - '73'
      Content-Type:
      - application/json
      User-Agent:
      - web3.py/6.13.0/<class 'web3.providers.rpc.HTTPProvider'>
    method: POST
    uri: https://mainnet.optimism.io/
  response:
    body:
      string: '{"jsonrpc":"2.0","result":"Geth/v0.1.0-unstable-0402d543/linux-amd64/go1.21.7","id":0}

        '
    headers:
      Alt-Svc:
      - h3=":443"; ma=2592000,h3-29=":443"; ma=2592000
      Content-Length:
      - '87'
      Content-Type:
      - application/json
      Date:
      - Wed, 20 Mar 2024 12:46:30 GMT
      Set-Cookie:
      - lb1=edge-proxyd-mainnet-proxyd-ankr-http; Path=/
      Vary:
      - Origin
      Via:
      - 1.1 google
      X-Proxyd-Cache-Status:
      - MISS
    status:
      code: 200
      message: OK
- request:
    body: '{"jsonrpc": "2.0", "method": "net_version", "params": [], "id": 1}'
    headers:
      Accept:
      - '*/*'
      Accept-Encoding:
      - gzip, deflate
      Connection:
      - keep-alive
      Content-Length:
      - '66'
      Content-Type:
      - application/json
      Cookie:
      - lb1=edge-proxyd-mainnet-proxyd-ankr-http
      User-Agent:
      - web3.py/6.13.0/<class 'web3.providers.rpc.HTTPProvider'>
    method: POST
    uri: https://mainnet.optimism.io/
  response:
    body:
      string: '{"jsonrpc":"2.0","result":"10","id":1}

        '
    headers:
      Alt-Svc:
      - h3=":443"; ma=2592000,h3-29=":443"; ma=2592000
      Content-Length:
      - '39'
      Content-Type:
      - application/json
      Date:
      - Wed, 20 Mar 2024 12:46:31 GMT
      Vary:
      - Origin
      Via:
      - 1.1 google
      X-Proxyd-Cache-Status:
      - HIT
    status:
      code: 200
      message: OK
- request:
    body: '{"jsonrpc": "2.0", "method": "eth_blockNumber", "params": [], "id": 2}'
    headers:
      Accept:
      - '*/*'
      Accept-Encoding:
      - gzip, deflate
      Connection:
      - keep-alive
      Content-Length:
      - '70'
      Content-Type:
      - application/json
      Cookie:
      - lb1=edge-proxyd-mainnet-proxyd-ankr-http
      User-Agent:
      - web3.py/6.13.0/<class 'web3.providers.rpc.HTTPProvider'>
    method: POST
    uri: https://mainnet.optimism.io/
  response:
    body:
      string: '{"jsonrpc":"2.0","result":"0x7038076","id":2}

        '
    headers:
      Alt-Svc:
      - h3=":443"; ma=2592000,h3-29=":443"; ma=2592000
      Content-Length:
      - '46'
      Content-Type:
      - application/json
      Date:
      - Wed, 20 Mar 2024 12:46:32 GMT
      Vary:
      - Origin
      Via:
      - 1.1 google
      X-Proxyd-Cache-Status:
      - MISS
    status:
      code: 200
      message: OK
- request:
    body: null
    headers:
      Accept:
      - '*/*'
      Accept-Encoding:
      - gzip, deflate
      Connection:
      - keep-alive
      User-Agent:
      - rotki/1.32.2.dev32+g4f00f261e.d20240314
    method: GET
    uri: https://api-optimistic.etherscan.io/api?module=proxy&action=eth_blockNumber&apikey=IK3GCCMPQXTRIEGBAXQ9DUFWIUR524K3MW
  response:
    body:
      string: '{"jsonrpc":"2.0","id":83,"result":"0x7038076"}

        '
    headers:
      Access-Control-Allow-Headers:
      - Content-Type
      Access-Control-Allow-Methods:
      - GET, POST, OPTIONS
      Access-Control-Allow-Origin:
      - '*'
      CF-Cache-Status:
      - DYNAMIC
      CF-RAY:
      - 8675ce414b5cf411-BOM
      Cache-Control:
      - private
      Connection:
      - keep-alive
      Content-Type:
      - application/json; charset=utf-8
      Date:
      - Wed, 20 Mar 2024 12:46:33 GMT
      Server:
      - cloudflare
      Vary:
      - Accept-Encoding
      X-Frame-Options:
      - SAMEORIGIN
      alt-svc:
      - h3=":443"; ma=86400
      content-length:
      - '47'
    status:
      code: 200
      message: OK
- request:
    body: '{"jsonrpc": "2.0", "method": "eth_getBalance", "params": ["0x76a05Df20bFEF5EcE3eB16afF9cb10134199A921",
      "0x12110"], "id": 3}'
    headers:
      Accept:
      - '*/*'
      Accept-Encoding:
      - gzip, deflate
      Connection:
      - keep-alive
      Content-Length:
      - '124'
      Content-Type:
      - application/json
      Cookie:
      - lb1=edge-proxyd-mainnet-proxyd-ankr-http
      User-Agent:
      - web3.py/6.13.0/<class 'web3.providers.rpc.HTTPProvider'>
    method: POST
    uri: https://mainnet.optimism.io/
  response:
    body:
      string: '{"jsonrpc":"2.0","result":"0xb1a2bc2ec50000","id":3}

        '
    headers:
      Alt-Svc:
      - h3=":443"; ma=2592000,h3-29=":443"; ma=2592000
      Content-Length:
      - '53'
      Content-Type:
      - application/json
      Date:
      - Wed, 20 Mar 2024 12:46:35 GMT
      Vary:
      - Origin
      Via:
      - 1.1 google
      X-Proxyd-Cache-Status:
      - MISS
    status:
      code: 200
      message: OK
- request:
    body: '{"jsonrpc": "2.0", "method": "eth_getTransactionByHash", "params": ["0x5e77a04531c7c107af1882d76cbff9486d0a9aa53701c30888509d4f5f2b003a"],
      "id": 4}'
    headers:
      Accept:
      - '*/*'
      Accept-Encoding:
      - gzip, deflate
      Connection:
      - keep-alive
      Content-Length:
      - '147'
      Content-Type:
      - application/json
      Cookie:
      - lb1=edge-proxyd-mainnet-proxyd-ankr-http
      User-Agent:
      - web3.py/6.13.0/<class 'web3.providers.rpc.HTTPProvider'>
    method: POST
    uri: https://mainnet.optimism.io/
  response:
    body:
      string: '{"jsonrpc":"2.0","result":{"blockHash":"0xbee7192e575af30420cae0c7776304ac196077ee72b048970549e4f08e875453","blockNumber":"0x1","chainId":"0xa","from":"0x70b17c0fe982ab4a7ac17a4c25485643151a1f2d","gas":"0x7a120","gasPrice":"0x1","hash":"0x5e77a04531c7c107af1882d76cbff9486d0a9aa53701c30888509d4f5f2b003a","input":"0x202ee0ed000000000000000000000000000000000000000000000000000000000001421800000000000000000000000000000000000000000000000000000000d0e3ebf0","nonce":"0x28972","r":"0xc878d22e771004beb73e7a4268fd4f447735812b94b217f6807412efcec90d61","s":"0x3588018735fb361c49e5de54b266b8b157c1ba3d6ee08e3bcbdee7cd725c16e8","to":"0x8ce8c13d816fe6daf12d6fd9e4952e1fc88850af","transactionIndex":"0x0","type":"0x0","v":"0x38","value":"0x0"},"id":4}

        '
    headers:
      Alt-Svc:
      - h3=":443"; ma=2592000,h3-29=":443"; ma=2592000
      Content-Length:
      - '740'
      Content-Type:
      - application/json
      Date:
      - Wed, 20 Mar 2024 12:46:36 GMT
      Vary:
      - Origin
      Via:
      - 1.1 google
      X-Proxyd-Cache-Status:
      - MISS
    status:
      code: 200
      message: OK
version: 1
