interactions:
- request:
    body: null
    headers:
      Accept:
      - '*/*'
      Accept-Encoding:
      - gzip, deflate
      Connection:
      - keep-alive
      Content-Type:
      - application/json
      Cookie:
      - __cf_bm=FvaOKEan3vlnxOMNNikmlT6q788ajT3gbD6qjazCOr0-1710402175-1.0.1.1-exRxY31Z5rGDf9aIeNSIn7RCqdp9tXAXPxnKz22gijPKXcI.4NC9Y_PQICdC7iNi4lx0fIIkpNASKWIK2RcL4w;
        _cfuvid=kVqN_vRXi9iyyC1bb8Za.j2l4Up8aogI.Yc5mLmjTHI-1710402175968-0.0.1.1-604800000
      User-Agent:
      - python-requests/2.31.0
      X-API-KEY:
      - f6bc0f7f7a5944f9bd63366130edd306
    method: GET
    uri: https://api.opensea.io/api/v2/chain/ethereum/account/0x1143fd695a33ac740C84B93fd57f1f8396C1Af05/nfts?address=0x1143fd695a33ac740C84B93fd57f1f8396C1Af05&limit=50
  response:
    body:
      string: '{"nfts": [{"identifier": "26349", "collection": "sandbox", "contract":
        "0x5cc5b05a8a13e3fbdb0bb9fccd98d38e50f90c38", "token_standard": "erc721",
        "name": "LAND (33, -140)", "description": "A LAND is a digital piece of real
        estate in The Sandbox metaverse that players can buy to build experiences
        on top of. Once you own a LAND, you will be able to populate it with Games
        and Assets. Each LAND is a unique (non-fungible) token lying on the public
        Ethereum blockchain (ERC-721).", "image_url": "https://api.sandbox.game/lands/36e6ee8c-0142-461c-8faa-361d3451e0f8/v3/preview-560px-x-560px.webp",
        "metadata_url": "https://api.sandbox.game/lands/26349/metadata.json", "opensea_url":
        "https://opensea.io/assets/ethereum/0x5cc5b05a8a13e3fbdb0bb9fccd98d38e50f90c38/26349",
        "updated_at": "2024-03-12T13:07:38.778956", "is_disabled": false, "is_nsfw":
        false}]}'
    headers:
      CF-Cache-Status:
      - MISS
      CF-RAY:
      - 8642a146c8d82156-MAD
      Connection:
      - keep-alive
      Content-Type:
      - application/json
      Date:
      - Thu, 14 Mar 2024 07:42:57 GMT
      Last-Modified:
      - Thu, 14 Mar 2024 07:42:57 GMT
      Server:
      - cloudflare
      Strict-Transport-Security:
      - max-age=15552000; includeSubDomains; preload
      Transfer-Encoding:
      - chunked
      allow:
      - GET, HEAD, OPTIONS
      cache-control:
      - no-store
      content-length:
      - '850'
      cross-origin-opener-policy:
      - same-origin
      referrer-policy:
      - same-origin
      vary:
      - Accept, origin, Accept-Encoding
      x-content-type-options:
      - nosniff
      x-frame-options:
      - DENY
      x-trace-id:
      - '305298643455483057123773053831905741736'
    status:
      code: 200
      message: OK
- request:
    body: null
    headers:
      Accept:
      - '*/*'
      Accept-Encoding:
      - gzip, deflate
      Connection:
      - keep-alive
      Content-Type:
      - application/json
      Cookie:
      - __cf_bm=FvaOKEan3vlnxOMNNikmlT6q788ajT3gbD6qjazCOr0-1710402175-1.0.1.1-exRxY31Z5rGDf9aIeNSIn7RCqdp9tXAXPxnKz22gijPKXcI.4NC9Y_PQICdC7iNi4lx0fIIkpNASKWIK2RcL4w;
        _cfuvid=kVqN_vRXi9iyyC1bb8Za.j2l4Up8aogI.Yc5mLmjTHI-1710402175968-0.0.1.1-604800000
      User-Agent:
      - python-requests/2.31.0
      X-API-KEY:
      - f6bc0f7f7a5944f9bd63366130edd306
    method: GET
    uri: https://api.opensea.io/api/v2/chain/ethereum/account/0x1143fd695a33ac740C84B93fd57f1f8396C1Af05/nfts?address=0x1143fd695a33ac740C84B93fd57f1f8396C1Af05&limit=50
  response:
    body:
      string: '{"nfts": [{"identifier": "26349", "collection": "sandbox", "contract":
        "0x5cc5b05a8a13e3fbdb0bb9fccd98d38e50f90c38", "token_standard": "erc721",
        "name": "LAND (33, -140)", "description": "A LAND is a digital piece of real
        estate in The Sandbox metaverse that players can buy to build experiences
        on top of. Once you own a LAND, you will be able to populate it with Games
        and Assets. Each LAND is a unique (non-fungible) token lying on the public
        Ethereum blockchain (ERC-721).", "image_url": "https://api.sandbox.game/lands/36e6ee8c-0142-461c-8faa-361d3451e0f8/v3/preview-560px-x-560px.webp",
        "metadata_url": "https://api.sandbox.game/lands/26349/metadata.json", "opensea_url":
        "https://opensea.io/assets/ethereum/0x5cc5b05a8a13e3fbdb0bb9fccd98d38e50f90c38/26349",
        "updated_at": "2024-03-12T13:07:38.778956", "is_disabled": false, "is_nsfw":
        false}]}'
    headers:
      CF-Cache-Status:
      - MISS
      CF-RAY:
      - 8642a14a6e97215c-MAD
      Connection:
      - keep-alive
      Content-Type:
      - application/json
      Date:
      - Thu, 14 Mar 2024 07:42:57 GMT
      Last-Modified:
      - Thu, 14 Mar 2024 07:42:57 GMT
      Server:
      - cloudflare
      Strict-Transport-Security:
      - max-age=15552000; includeSubDomains; preload
      Transfer-Encoding:
      - chunked
      allow:
      - GET, HEAD, OPTIONS
      cache-control:
      - no-store
      content-length:
      - '850'
      cross-origin-opener-policy:
      - same-origin
      referrer-policy:
      - same-origin
      vary:
      - Accept, origin, Accept-Encoding
      x-content-type-options:
      - nosniff
      x-frame-options:
      - DENY
      x-trace-id:
      - '92042174025858139033232998213703886701'
    status:
      code: 200
      message: OK
- request:
    body: null
    headers:
      Accept:
      - '*/*'
      Accept-Encoding:
      - gzip, deflate
      Connection:
      - keep-alive
      Content-Type:
      - application/json
      Cookie:
      - __cf_bm=FvaOKEan3vlnxOMNNikmlT6q788ajT3gbD6qjazCOr0-1710402175-1.0.1.1-exRxY31Z5rGDf9aIeNSIn7RCqdp9tXAXPxnKz22gijPKXcI.4NC9Y_PQICdC7iNi4lx0fIIkpNASKWIK2RcL4w;
        _cfuvid=kVqN_vRXi9iyyC1bb8Za.j2l4Up8aogI.Yc5mLmjTHI-1710402175968-0.0.1.1-604800000
      User-Agent:
      - python-requests/2.31.0
      X-API-KEY:
      - f6bc0f7f7a5944f9bd63366130edd306
    method: GET
    uri: https://api.opensea.io/api/v2/collections/sandbox?collection_slug=sandbox
  response:
    body:
      string: '{"collection": "sandbox", "name": "The Sandbox", "description": "The
        Sandbox is a community-driven platform where creators can monetize voxel assets
        and gaming experiences on the blockchain. The Sandbox metaverse comprises
        a map made up of 166,464 LANDS.  LAND owners can host contests and events,
        stake SAND to earn and customize assets, monetize assets and experiences,
        vote in the metaverse governance, play games that you or others create, and
        more! Trade the collection and keep your eyes peeled for future drops.", "image_url":
        "https://i.seadn.io/gae/SXH8tW1siikB80rwCRnjm1a5xM_MwTg9Xl9Db6mioIk9HIlDM09pVoSR7GKJgS6ulSUpgW9BDtMk_ePX_NKgO9A?w=500&auto=format",
        "banner_image_url": "https://i.seadn.io/gcs/files/fb46c14805de22fb1565130608b52f62.png?w=500&auto=format",
        "owner": "0x18dd4e0eb8699ea4fee238de41ecfb95e32272f8", "safelist_status":
        "verified", "category": "virtual-worlds", "is_disabled": false, "is_nsfw":
        false, "trait_offers_enabled": false, "collection_offers_enabled": false,
        "opensea_url": "https://opensea.io/collection/sandbox", "project_url": "https://www.sandbox.game/",
        "wiki_url": "", "discord_url": "https://discord.gg/vAe4zvY", "telegram_url":
        "https://t.me/sandboxgame", "twitter_username": "thesandboxgame", "instagram_username":
        "", "contracts": [{"address": "0x5cc5b05a8a13e3fbdb0bb9fccd98d38e50f90c38",
        "chain": "ethereum"}, {"address": "0x9d305a42a3975ee4c1c57555bed5919889dce63f",
        "chain": "matic"}], "editors": ["0x18dd4e0eb8699ea4fee238de41ecfb95e32272f8",
        "0x7a9fe22691c811ea339d9b73150e6911a5343dca"], "fees": [{"fee": 2.5, "recipient":
        "0x0000a26b00c1f0df003000390027140000faa719", "required": true}, {"fee": 5.0,
        "recipient": "0x7a9fe22691c811ea339d9b73150e6911a5343dca", "required": false}],
        "payment_tokens": [{"symbol": "SAND", "address": "0x3845badade8e6dff049820680d1f14bd3903a5d0",
        "chain": "ethereum", "image": "https://i.seadn.io/gcs/static/miscellaneous/sandbox-token.png?w=500&auto=format",
        "name": "SAND", "decimals": 18, "eth_price": "0.000188220000000", "usd_price":
        "0.747165000000000000"}, {"symbol": "ETH", "address": "0x0000000000000000000000000000000000000000",
        "chain": "ethereum", "image": "https://raw.seadn.io/files/ETH.svg", "name":
        "Ether", "decimals": 18, "eth_price": "1.000000000000000", "usd_price": "3969.590000000000146000"},
        {"symbol": "DAI", "address": "0x6b175474e89094c44da98b954eedeac495271d0f",
        "chain": "ethereum", "image": "https://raw.seadn.io/files/DAI.svg", "name":
        "Dai Stablecoin", "decimals": 18, "eth_price": "0.000251520000000", "usd_price":
        "0.998846000000000000"}, {"symbol": "WETH", "address": "0xc02aaa39b223fe8d0a0e5c4f27ead9083c756cc2",
        "chain": "ethereum", "image": "https://raw.seadn.io/files/WETH.svg", "name":
        "Wrapped Ether", "decimals": 18, "eth_price": "1.000000000000000", "usd_price":
        "3968.610000000000127000"}, {"symbol": "USDC", "address": "0xa0b86991c6218b36c1d19d4a2e9eb0ce3606eb48",
        "chain": "ethereum", "image": "https://raw.seadn.io/files/USDC.svg", "name":
        "USD Coin", "decimals": 6, "eth_price": "0.000251730000000", "usd_price":
        "0.999260000000000000"}, {"symbol": "DAI", "address": "0x8f3cf7ad23cd3cadbd9735aff958023239c6a063",
        "chain": "ethereum", "image": "https://openseauserdata.com/files/dai-polygon.svg",
        "name": "Dai Stablecoin", "decimals": 18, "eth_price": "0.000251520000000",
        "usd_price": "0.998846000000000000"}, {"symbol": "ETH", "address": "0x7ceb23fd6bc0add59e62ac25578270cff1b9f619",
        "chain": "ethereum", "image": "https://raw.seadn.io/files/POLYGON_ETH.svg",
        "name": "Ether", "decimals": 18, "eth_price": "1.000000000000000", "usd_price":
        "3969.590000000000146000"}, {"symbol": "USDC.e", "address": "0x2791bca1f2de4661ed88a30c99a7a9449aa84174",
        "chain": "ethereum", "image": "https://raw.seadn.io/files/POLYGON_USDC.svg",
        "name": "USD Coin", "decimals": 6, "eth_price": "0.000251730000000", "usd_price":
        "0.999260000000000000"}, {"symbol": "MATIC", "address": "0x0000000000000000000000000000000000000000",
        "chain": "ethereum", "image": "https://raw.seadn.io/files/MATIC.svg", "name":
        "Matic", "decimals": 18, "eth_price": "0.000310750000000", "usd_price": "1.230000000000000000"},
        {"symbol": "SAND", "address": "0xbbba073c31bf03b8acf7c28ef0738decf3695683",
        "chain": "ethereum", "image": "https://i.seadn.io/gcs/static/miscellaneous/sandbox-token.png?w=500&auto=format",
        "name": "SAND", "decimals": 18, "eth_price": "0.000188220000000", "usd_price":
        "0.747165000000000000"}], "total_supply": 121911, "created_date": "2019-12-04"}'
    headers:
      CF-Cache-Status:
      - MISS
      CF-RAY:
      - 8642a14c1ec51a7f-MAD
      Connection:
      - keep-alive
      Content-Type:
      - application/json
      Date:
      - Thu, 14 Mar 2024 07:42:58 GMT
      Last-Modified:
      - Thu, 14 Mar 2024 07:42:58 GMT
      Server:
      - cloudflare
      Strict-Transport-Security:
      - max-age=15552000; includeSubDomains; preload
      Transfer-Encoding:
      - chunked
      allow:
      - GET, HEAD, OPTIONS
      cache-control:
      - no-store
      content-length:
      - '4460'
      cross-origin-opener-policy:
      - same-origin
      referrer-policy:
      - same-origin
      vary:
      - Accept, origin, Accept-Encoding
      x-content-type-options:
      - nosniff
      x-frame-options:
      - DENY
      x-trace-id:
      - '30540659455555188596064109355152690951'
    status:
      code: 200
      message: OK
- request:
    body: null
    headers:
      Accept:
      - '*/*'
      Accept-Encoding:
      - gzip, deflate
      Connection:
      - keep-alive
      Content-Type:
      - application/json
      Cookie:
      - __cf_bm=FvaOKEan3vlnxOMNNikmlT6q788ajT3gbD6qjazCOr0-1710402175-1.0.1.1-exRxY31Z5rGDf9aIeNSIn7RCqdp9tXAXPxnKz22gijPKXcI.4NC9Y_PQICdC7iNi4lx0fIIkpNASKWIK2RcL4w;
        _cfuvid=kVqN_vRXi9iyyC1bb8Za.j2l4Up8aogI.Yc5mLmjTHI-1710402175968-0.0.1.1-604800000
      User-Agent:
      - python-requests/2.31.0
      X-API-KEY:
      - f6bc0f7f7a5944f9bd63366130edd306
    method: GET
    uri: https://api.opensea.io/api/v2/collections/sandbox/stats?name=sandbox
  response:
    body:
      string: '{"total": {"volume": 138149.21214921938, "sales": 94565, "average_price":
        1.4608915787999723, "num_owners": 24992, "market_cap": 21675.762292756124,
        "floor_price": 599.0, "floor_price_symbol": "USDC.e"}, "intervals": [{"interval":
        "one_day", "volume": 2.79366727, "volume_diff": 0.03922617000000006, "volume_change":
        0.01424106303602457, "sales": 17, "sales_diff": 0.0, "average_price": 0.1643333688235294},
        {"interval": "seven_day", "volume": 27.736782715833318, "volume_diff": -50.0,
        "volume_change": -0.36914197084766054, "sales": 156, "sales_diff": 0.0, "average_price":
        0.17779988920405973}, {"interval": "thirty_day", "volume": 155.3600321348335,
        "volume_diff": 148.0, "volume_change": -0.0856638456676989, "sales": 745,
        "sales_diff": 0.0, "average_price": 0.20853695588568252}]}'
    headers:
      CF-Cache-Status:
      - MISS
      CF-RAY:
      - 8642a14e1c601511-MAD
      Connection:
      - keep-alive
      Content-Type:
      - application/json
      Date:
      - Thu, 14 Mar 2024 07:42:58 GMT
      Last-Modified:
      - Thu, 14 Mar 2024 07:42:58 GMT
      Server:
      - cloudflare
      Strict-Transport-Security:
      - max-age=15552000; includeSubDomains; preload
      Transfer-Encoding:
      - chunked
      allow:
      - GET, HEAD, OPTIONS
      cache-control:
      - no-store
      content-length:
      - '785'
      cross-origin-opener-policy:
      - same-origin
      referrer-policy:
      - same-origin
      vary:
      - Accept, origin, Accept-Encoding
      x-content-type-options:
      - nosniff
      x-frame-options:
      - DENY
      x-trace-id:
      - '193559766169054516729220317172865446515'
    status:
      code: 200
      message: OK
version: 1
