interactions:
- request:
    body: '{"jsonrpc": "2.0", "method": "web3_clientVersion", "params": [], "id":
      0}'
    headers:
      Accept:
      - '*/*'
      Accept-Encoding:
      - gzip, deflate
      Connection:
      - keep-alive
      Content-Length:
      - '73'
      Content-Type:
      - application/json
      User-Agent:
      - web3.py/6.13.0/<class 'web3.providers.rpc.HTTPProvider'>
    method: POST
    uri: https://rpc.ankr.com/gnosis
  response:
    body:
      string: '{"jsonrpc":"2.0","id":0,"result":"erigon/2.58.1/linux-amd64/go1.21.6"}'
    headers:
      Access-Control-Allow-Headers:
      - Content-Type,Authorization
      Access-Control-Allow-Methods:
      - GET,POST,DELETE,OPTIONS
      Access-Control-Allow-Origin:
      - '*'
      Access-Control-Max-Age:
      - '86400'
      CF-Cache-Status:
      - DYNAMIC
      CF-RAY:
      - 8675887b8bb731a0-BOM
      Cache-Control:
      - public, max-age=2
      Connection:
      - keep-alive
      Content-Type:
      - application/json
      Date:
      - Wed, 20 Mar 2024 11:58:55 GMT
      Server:
      - cloudflare
      Transfer-Encoding:
      - chunked
      Vary:
      - Accept-Encoding
      X-Robots-Tag:
      - noindex, nofollow
      content-length:
      - '70'
      x-multirpc-response-type:
      - '1'
    status:
      code: 200
      message: OK
- request:
    body: '{"jsonrpc": "2.0", "method": "net_version", "params": [], "id": 1}'
    headers:
      Accept:
      - '*/*'
      Accept-Encoding:
      - gzip, deflate
      Connection:
      - keep-alive
      Content-Length:
      - '66'
      Content-Type:
      - application/json
      User-Agent:
      - web3.py/6.13.0/<class 'web3.providers.rpc.HTTPProvider'>
    method: POST
    uri: https://rpc.ankr.com/gnosis
  response:
    body:
      string: '{"jsonrpc":"2.0","id":1,"result":"100"}'
    headers:
      Access-Control-Allow-Headers:
      - Content-Type,Authorization
      Access-Control-Allow-Methods:
      - GET,POST,DELETE,OPTIONS
      Access-Control-Allow-Origin:
      - '*'
      Access-Control-Max-Age:
      - '86400'
      CF-Cache-Status:
      - DYNAMIC
      CF-RAY:
      - 8675887da8b5f28e-BOM
      Cache-Control:
      - public, max-age=2
      Connection:
      - keep-alive
      Content-Length:
      - '39'
      Content-Type:
      - application/json
      Date:
      - Wed, 20 Mar 2024 11:58:55 GMT
      Server:
      - cloudflare
      Vary:
      - Accept-Encoding
      X-Robots-Tag:
      - noindex, nofollow
      x-multirpc-response-type:
      - '1'
    status:
      code: 200
      message: OK
- request:
    body: '{"jsonrpc": "2.0", "method": "eth_blockNumber", "params": [], "id": 2}'
    headers:
      Accept:
      - '*/*'
      Accept-Encoding:
      - gzip, deflate
      Connection:
      - keep-alive
      Content-Length:
      - '70'
      Content-Type:
      - application/json
      User-Agent:
      - web3.py/6.13.0/<class 'web3.providers.rpc.HTTPProvider'>
    method: POST
    uri: https://rpc.ankr.com/gnosis
  response:
    body:
      string: '{"jsonrpc":"2.0","id":2,"result":"0x1f7ebd6"}'
    headers:
      Access-Control-Allow-Headers:
      - Content-Type,Authorization
      Access-Control-Allow-Methods:
      - GET,POST,DELETE,OPTIONS
      Access-Control-Allow-Origin:
      - '*'
      Access-Control-Max-Age:
      - '86400'
      CF-Cache-Status:
      - HIT
      CF-RAY:
      - 867588809d568507-BOM
      Cache-Control:
      - public, max-age=2
      Connection:
      - keep-alive
      Content-Length:
      - '45'
      Content-Type:
      - application/json
      Date:
      - Wed, 20 Mar 2024 11:58:56 GMT
      Server:
      - cloudflare
      Vary:
      - Accept-Encoding
      X-Robots-Tag:
      - noindex, nofollow
      x-multirpc-response-type:
      - '1'
    status:
      code: 200
      message: OK
- request:
    body: null
    headers:
      Accept:
      - '*/*'
      Accept-Encoding:
      - gzip, deflate
      Connection:
      - keep-alive
      User-Agent:
      - rotki/1.32.2.dev32+g4f00f261e.d20240314
    method: GET
    uri: https://api.gnosisscan.io/api?module=proxy&action=eth_blockNumber&apikey=J3XEY27VIT7377G34PVPHKWG74NG9PXNSM
  response:
    body:
      string: '{"jsonrpc":"2.0","result":"0x1f7ebd5","id":83}'
    headers:
      Access-Control-Allow-Headers:
      - Content-Type
      Access-Control-Allow-Methods:
      - GET, POST, OPTIONS
      Access-Control-Allow-Origin:
      - '*'
      CF-Cache-Status:
      - DYNAMIC
      CF-RAY:
      - 867588829efaf4b8-BOM
      Cache-Control:
      - private
      Connection:
      - keep-alive
      Content-Type:
      - application/json; charset=utf-8
      Date:
      - Wed, 20 Mar 2024 11:58:56 GMT
      NEL:
      - '{"success_fraction":0,"report_to":"cf-nel","max_age":604800}'
      Report-To:
      - '{"endpoints":[{"url":"https:\/\/a.nel.cloudflare.com\/report\/v4?s=cZ%2F3Wyw2pfFEK6o%2FavDl%2FudLdnFZSYS27Pq75tdD1IJnPa6JsEfTRIx%2FzMq2X4I7CF0S%2BfFNKxiulwvhThR%2BcfGhuFbNL%2FltUCMjX1GKWOX%2F70jm02bEp7zqhbQdz8cvpUaARABzFnfoNJ07Bcrn"}],"group":"cf-nel","max_age":604800}'
      Server:
      - cloudflare
      Vary:
      - Accept-Encoding
      X-Frame-Options:
      - SAMEORIGIN
      alt-svc:
      - h3=":443"; ma=86400
      content-length:
      - '46'
    status:
      code: 200
      message: OK
- request:
    body: '{"jsonrpc": "2.0", "method": "eth_getBalance", "params": ["0xCace5b3c29211740E595850E80478416eE77cA21",
      "0x8ef8"], "id": 3}'
    headers:
      Accept:
      - '*/*'
      Accept-Encoding:
      - gzip, deflate
      Connection:
      - keep-alive
      Content-Length:
      - '123'
      Content-Type:
      - application/json
      User-Agent:
      - web3.py/6.13.0/<class 'web3.providers.rpc.HTTPProvider'>
    method: POST
    uri: https://rpc.ankr.com/gnosis
  response:
    body:
      string: '{"jsonrpc":"2.0","id":3,"result":"0x385280d64600"}'
    headers:
      Access-Control-Allow-Headers:
      - Content-Type,Authorization
      Access-Control-Allow-Methods:
      - GET,POST,DELETE,OPTIONS
      Access-Control-Allow-Origin:
      - '*'
      Access-Control-Max-Age:
      - '86400'
      CF-Cache-Status:
      - HIT
      CF-RAY:
      - 867588872e4385d8-BOM
      Cache-Control:
      - public, max-age=60
      Connection:
      - keep-alive
      Content-Type:
      - application/json
      Date:
      - Wed, 20 Mar 2024 11:58:57 GMT
      Server:
      - cloudflare
      Transfer-Encoding:
      - chunked
      Vary:
      - Accept-Encoding
      X-Robots-Tag:
      - noindex, nofollow
      content-length:
      - '50'
      x-multirpc-response-type:
      - '1'
    status:
      code: 200
      message: OK
- request:
    body: '{"jsonrpc": "2.0", "method": "eth_getTransactionByHash", "params": ["0xf4658cd1e7e891119a678266fba1d7341fafe52554ed11bdb346162d518d3f31"],
      "id": 4}'
    headers:
      Accept:
      - '*/*'
      Accept-Encoding:
      - gzip, deflate
      Connection:
      - keep-alive
      Content-Length:
      - '147'
      Content-Type:
      - application/json
      User-Agent:
      - web3.py/6.13.0/<class 'web3.providers.rpc.HTTPProvider'>
    method: POST
    uri: https://rpc.ankr.com/gnosis
  response:
    body:
      string: '{"jsonrpc":"2.0","id":4,"result":{"blockHash":"0x20238273d2cc78c49db988b8a0bd7c21a1b556e0bef9cb4c81efc82b982d703f","blockNumber":"0x2f4d4d","from":"0x3919ff56fadc4b2d53b63c0f459b9b9669e96132","gas":"0xfe88a","gasPrice":"0x3b9aca00","hash":"0xf4658cd1e7e891119a678266fba1d7341fafe52554ed11bdb346162d518d3f31","input":"0xf6d956df00000000000000000000000000000000000000000000000000000000000000000000000000000000000000000000000000000000000000190ca08663632ced02000000000000000000000000000000000000000000000015af1d78b58c400000","nonce":"0x48","to":"0x858c01c4db1b9f4baa7ebc8e14b84138a3f7d207","transactionIndex":"0x0","value":"0x0","type":"0x0","chainId":"0x64","v":"0xec","r":"0x3d422a37b2cd6a689b38f816a2f5af0166a94794c299dbc1e174db4537ee601f","s":"0x40cc188f8122ae9c56a777b7ce20c93075a06610444fda4bec9b6b1705be77b6"}}'
    headers:
      Access-Control-Allow-Headers:
      - Content-Type,Authorization
      Access-Control-Allow-Methods:
      - GET,POST,DELETE,OPTIONS
      Access-Control-Allow-Origin:
      - '*'
      Access-Control-Max-Age:
      - '86400'
      CF-Cache-Status:
      - DYNAMIC
      CF-RAY:
      - 86758895b915f390-BOM
      Cache-Control:
      - public, max-age=2
      Connection:
      - keep-alive
      Content-Type:
      - application/json
      Date:
      - Wed, 20 Mar 2024 11:58:59 GMT
      Server:
      - cloudflare
      Transfer-Encoding:
      - chunked
      Vary:
      - Accept-Encoding
      X-Robots-Tag:
      - noindex, nofollow
      content-length:
      - '813'
      x-multirpc-response-type:
      - '1'
    status:
      code: 200
      message: OK
version: 1
